// Jest Snapshot v1, https://goo.gl/fbAQLP

exports[`renders homepage unchanged 1`] = `
<div>
  <div>
    Home
    <div>
      UserInfo: null
    </div>
    <a
      href="/sign-in"
    >
      Sign In
    </a>
  </div>
</div>
`;
